Copyright 1986-2018 Xilinx, Inc. All Rights Reserved.
---------------------------------------------------------------------------------------
| Tool Version : Vivado v.2018.2 (lin64) Build 2258646 Thu Jun 14 20:02:38 MDT 2018
| Date         : Wed Nov  9 15:53:59 2022
| Host         : PARALED03 running 64-bit Ubuntu 18.04.6 LTS
| Command      : report_control_sets -verbose -file VGACounter_control_sets_placed.rpt
| Design       : VGACounter
| Device       : xc7a35ti
---------------------------------------------------------------------------------------

Control Set Information

Table of Contents
-----------------
1. Summary
2. Histogram
3. Flip-Flop Distribution
4. Detailed Control Set Information

1. Summary
----------

+----------------------------------------------------------+-------+
|                          Status                          | Count |
+----------------------------------------------------------+-------+
| Number of unique control sets                            |    80 |
| Unused register locations in slices containing registers |   100 |
+----------------------------------------------------------+-------+


2. Histogram
------------

+--------+--------------+
| Fanout | Control Sets |
+--------+--------------+
|      2 |            6 |
|      8 |           15 |
|     14 |            4 |
|    16+ |           55 |
+--------+--------------+


3. Flip-Flop Distribution
-------------------------

+--------------+-----------------------+------------------------+-----------------+--------------+
| Clock Enable | Synchronous Set/Reset | Asynchronous Set/Reset | Total Registers | Total Slices |
+--------------+-----------------------+------------------------+-----------------+--------------+
| No           | No                    | No                     |             256 |           71 |
| No           | No                    | Yes                    |             118 |           20 |
| No           | Yes                   | No                     |             240 |           51 |
| Yes          | No                    | No                     |            2480 |          659 |
| Yes          | No                    | Yes                    |              40 |            5 |
| Yes          | Yes                   | No                     |             478 |           88 |
+--------------+-----------------------+------------------------+-----------------+--------------+


4. Detailed Control Set Information
-----------------------------------

+----------------------------------------------+--------------------------------------------------------------------+--------------------------------------------------------------+------------------+----------------+
|                 Clock Signal                 |                            Enable Signal                           |                       Set/Reset Signal                       | Slice Load Count | Bel Load Count |
+----------------------------------------------+--------------------------------------------------------------------+--------------------------------------------------------------+------------------+----------------+
|  clk_BUFG                                    | press[3]_i_1_n_0                                                   |                                                              |                1 |              2 |
|  clk_BUFG                                    | press[0]_i_1_n_0                                                   |                                                              |                1 |              2 |
|  clk_BUFG                                    | press[1]_i_1_n_0                                                   |                                                              |                1 |              2 |
|  HS_reg_i_2_n_0                              |                                                                    | Inst_vga_ctrl_640x480_60Hz/VS0                               |                1 |              2 |
|  HS_reg_i_2_n_0                              |                                                                    | Inst_vga_ctrl_640x480_60Hz/HS0                               |                1 |              2 |
|  clk_BUFG                                    | press[2]_i_1_n_0                                                   |                                                              |                1 |              2 |
|  clk_BUFG                                    | Inst_vga_ctrl_640x480_60Hz/PosXn2048_reg[7]_0                      | Inst_vga_ctrl_640x480_60Hz/PosXn2048_reg[7]                  |                2 |              8 |
|  clk_BUFG                                    | Inst_vga_ctrl_640x480_60Hz/PosXn256_reg[2][0]                      | Inst_vga_ctrl_640x480_60Hz/PosXn256_reg[2]_0[0]              |                1 |              8 |
|  clk_BUFG                                    | Inst_vga_ctrl_640x480_60Hz/p_1_in[0]                               | Inst_vga_ctrl_640x480_60Hz/PosXn64_reg[7]                    |                1 |              8 |
|  clk_BUFG                                    | Inst_vga_ctrl_640x480_60Hz/p_1_in__0[0]                            | Inst_vga_ctrl_640x480_60Hz/PosXn512_reg[7]                   |                1 |              8 |
|  clk_BUFG                                    | Inst_vga_ctrl_640x480_60Hz/PosXn8_reg[2]                           | Inst_vga_ctrl_640x480_60Hz/PosXn8_reg[7]                     |                1 |              8 |
|  clk_BUFG                                    |                                                                    | Inst_vga_ctrl_640x480_60Hz/PosXn32_reg[2][0]                 |                1 |              8 |
|  clk_BUFG                                    | Inst_vga_ctrl_640x480_60Hz/p_1_in__1[0]                            | Inst_vga_ctrl_640x480_60Hz/PosXn128_reg[7]                   |                3 |              8 |
|  clk_BUFG                                    | Inst_vga_ctrl_640x480_60Hz/PosXn4_reg[7]                           | Inst_vga_ctrl_640x480_60Hz/PosXn4_reg[7]_0                   |                1 |              8 |
|  CLK_IBUF_BUFG                               |                                                                    | Inst_MouseCtl/Inst_Ps2Interface/data_inter0                  |                1 |              8 |
|  CLK_IBUF_BUFG                               |                                                                    | Inst_MouseCtl/Inst_Ps2Interface/clk_inter0                   |                1 |              8 |
|  clk_BUFG                                    | Inst_vga_ctrl_640x480_60Hz/PosXn2_reg[7]_0                         | Inst_vga_ctrl_640x480_60Hz/PosXn2_reg[7]_1                   |                2 |              8 |
|  clk_BUFG                                    | Inst_vga_ctrl_640x480_60Hz/PosXn1024_reg[7]                        | Inst_vga_ctrl_640x480_60Hz/PosXn1024_reg[7]_0                |                4 |              8 |
|  clk_BUFG                                    | Inst_vga_ctrl_640x480_60Hz/PosXn16_reg[7]                          | Inst_vga_ctrl_640x480_60Hz/PosXn16_reg[7]_0                  |                1 |              8 |
|  CLK_IBUF_BUFG                               | Inst_MouseCtl/Inst_Ps2Interface/shift_frame                        | Inst_MouseCtl/Inst_Ps2Interface/reset_bit_count              |                2 |              8 |
|  CLK_IBUF_BUFG                               | Inst_MouseCtl/Inst_Ps2Interface/y_overflow_reg                     | Selector_IBUF                                                |                1 |              8 |
|  clk_BUFG                                    | Teclado/E[0]                                                       |                                                              |                6 |             14 |
|  CLK_IBUF_BUFG                               | Inst_MouseCtl/Inst_Ps2Interface/ps2_data_h_reg_inv_0               |                                                              |                4 |             14 |
|  CLK_IBUF_BUFG                               | Inst_MouseCtl/Inst_Ps2Interface/delay_63clk_count[6]_i_2_n_0       | Inst_MouseCtl/Inst_Ps2Interface/delay_63clk_count[6]_i_1_n_0 |                2 |             14 |
|  CLK_IBUF_BUFG                               | Teclado/ps2_keyboard_0/ascii_reg[0]                                |                                                              |                4 |             14 |
|  clk_BUFG                                    | Inst_vga_ctrl_640x480_60Hz/PosYn16_reg[2][0]                       |                                                              |                2 |             16 |
|  clk_BUFG                                    | Inst_vga_ctrl_640x480_60Hz/PosYn256_reg[9][0]                      |                                                              |                3 |             16 |
|  clk_BUFG                                    | Inst_vga_ctrl_640x480_60Hz/PosYn2_reg[2][0]                        |                                                              |                3 |             16 |
|  clk_BUFG                                    | Inst_vga_ctrl_640x480_60Hz/PosYn32_reg[2][0]                       |                                                              |                4 |             16 |
|  clk_BUFG                                    | Inst_vga_ctrl_640x480_60Hz/PosYn128_reg[2][0]                      |                                                              |                4 |             16 |
|  clk_BUFG                                    | Inst_vga_ctrl_640x480_60Hz/PosYn4_reg[9][0]                        |                                                              |                3 |             16 |
|  clk_BUFG                                    | Inst_vga_ctrl_640x480_60Hz/PosYn512_reg[9][0]                      |                                                              |                2 |             16 |
|  clk_BUFG                                    | Inst_vga_ctrl_640x480_60Hz/PosYn1024_reg[9][0]                     |                                                              |                3 |             16 |
|  clk_BUFG                                    | Inst_vga_ctrl_640x480_60Hz/PosYn64_reg[9][0]                       |                                                              |                3 |             16 |
|  clk_BUFG                                    | Inst_vga_ctrl_640x480_60Hz/PosYn8_reg[2][0]                        |                                                              |                3 |             16 |
|  CLK_IBUF_BUFG                               | Inst_MouseCtl/tx_data[7]_i_1_n_0                                   |                                                              |                3 |             16 |
|  clk_BUFG                                    | Inst_vga_ctrl_640x480_60Hz/E[0]                                    |                                                              |                6 |             16 |
|  CLK_IBUF_BUFG                               | Inst_MouseCtl/Inst_Ps2Interface/y_inc_reg[0][0]                    | Selector_IBUF                                                |                2 |             16 |
|  CLK_IBUF_BUFG                               | Inst_MouseCtl/Inst_Ps2Interface/load_rx_data                       |                                                              |                2 |             16 |
|  CLK_IBUF_BUFG                               | Inst_MouseCtl/Inst_Ps2Interface/E[0]                               | Selector_IBUF                                                |                2 |             16 |
|  CLK_IBUF_BUFG                               | Teclado/ps2_keyboard_0/ps2_code_new0                               |                                                              |                2 |             16 |
|  CLK_IBUF_BUFG                               | Teclado/ps2_keyboard_0/debounce_ps2_data/counter_out[8]_i_2__0_n_0 | Teclado/ps2_keyboard_0/debounce_ps2_data/counter_set         |                3 |             18 |
|  CLK_IBUF_BUFG                               | Teclado/ps2_keyboard_0/debounce_ps2_clk/sel                        | Teclado/ps2_keyboard_0/debounce_ps2_clk/counter_set          |                3 |             18 |
|  CLK_IBUF_BUFG                               | Inst_MouseCtl/Inst_Ps2Interface/frame[9]_i_1_n_0                   |                                                              |                2 |             20 |
|  CLK_IBUF_BUFG                               | Inst_MouseCtl/Inst_Ps2Interface/delay_20us_count[10]_i_2_n_0       | Inst_MouseCtl/Inst_Ps2Interface/delay_20us_count[10]_i_1_n_0 |                3 |             22 |
| ~Teclado/ps2_keyboard_0/debounce_ps2_clk/CLK |                                                                    |                                                              |                4 |             22 |
|  CLK_IBUF_BUFG                               | Inst_MouseCtl/y_new_reg_n_0                                        |                                                              |                3 |             22 |
|  HS_reg_i_2_n_0                              |                                                                    | Inst_vga_ctrl_640x480_60Hz/rgb_out[11]_i_1_n_0               |                9 |             24 |
|  CLK_IBUF_BUFG                               | Inst_MouseCtl/x_new_reg_n_0                                        |                                                              |                4 |             24 |
|  CLK_IBUF_BUFG                               | Teclado/ps2_keyboard_0/count_idle[0]_i_2_n_0                       | Teclado/ps2_keyboard_0/debounce_ps2_clk/clear                |                4 |             26 |
|  CLK_IBUF_BUFG                               | Inst_MouseCtl/Inst_Ps2Interface/delay_100us_count[0]_i_2_n_0       | Inst_MouseCtl/Inst_Ps2Interface/clear                        |                4 |             28 |
|  CLK_IBUF_BUFG                               | Teclado/sig_ascii_new_i_1_n_0                                      |                                                              |                7 |             28 |
|  CLK_IBUF_BUFG                               | Teclado/st1                                                        | Teclado/counter1sec[23]_i_1_n_0                              |                6 |             46 |
|  CLK_IBUF_BUFG                               |                                                                    | Inst_MouseCtl/reset_timeout_cnt_reg_n_0                      |                6 |             48 |
|  CLK_IBUF_BUFG                               |                                                                    | Inst_MouseCtl/reset_periodic_check_cnt__0                    |                7 |             52 |
|  clk_BUFG                                    | Teclado/clk_count_reg[1]_0                                         | Teclado/clk_count_reg[1]                                     |               11 |             62 |
|  clk_BUFG                                    | Teclado/n13_reg[0][0]                                              |                                                              |               23 |             64 |
|  clk_BUFG                                    | Teclado/n9_reg[0][0]                                               |                                                              |               22 |             64 |
|  clk_BUFG                                    | Teclado/random_number_reg[0]                                       | Teclado/random_number_reg[31]                                |               11 |             64 |
|  clk_BUFG                                    | Teclado/n10_reg[0][0]                                              |                                                              |               30 |             64 |
|  clk_BUFG                                    | Teclado/n11_reg[0][0]                                              |                                                              |               29 |             64 |
|  clk_BUFG                                    | Teclado/n12_reg[0][0]                                              |                                                              |               22 |             64 |
|  clk_BUFG                                    | Teclado/n14_reg[0][0]                                              |                                                              |               24 |             64 |
|  clk_BUFG                                    | Teclado/n15_reg[0][0]                                              |                                                              |               21 |             64 |
|  clk_BUFG                                    | Teclado/n16_reg[0][0]                                              |                                                              |               23 |             64 |
|  clk_BUFG                                    | Teclado/n1_reg[0][0]                                               |                                                              |               19 |             64 |
|  clk_BUFG                                    | Teclado/n2_reg[0][0]                                               |                                                              |               31 |             64 |
|  clk_BUFG                                    | Teclado/n3_reg[0][0]                                               |                                                              |               28 |             64 |
|  clk_BUFG                                    | Teclado/n4_reg[0][0]                                               |                                                              |               20 |             64 |
|  clk_BUFG                                    | Teclado/n5_reg[0][0]                                               |                                                              |               22 |             64 |
|  clk_BUFG                                    | Teclado/n6_reg[0][0]                                               |                                                              |               30 |             64 |
|  clk_BUFG                                    | Teclado/n7_reg[0][0]                                               |                                                              |               29 |             64 |
|  clk_BUFG                                    | Teclado/n8_reg[0][0]                                               |                                                              |               26 |             64 |
|  clk_BUFG                                    | Teclado/puntaje_reg[0][0]                                          |                                                              |               31 |             64 |
|  HS_reg_i_2_n_0                              |                                                                    | Inst_vga_ctrl_640x480_60Hz/eqOp                              |               24 |             88 |
|  HS_reg_i_2_n_0                              | Inst_vga_ctrl_640x480_60Hz/eqOp                                    | Inst_vga_ctrl_640x480_60Hz/vcounter                          |               22 |             92 |
|  CLK_IBUF_BUFG                               |                                                                    |                                                              |               32 |            112 |
|  CLK_IBUF_BUFG                               |                                                                    | Selector_IBUF                                                |               20 |            118 |
|  clk_BUFG                                    |                                                                    |                                                              |               35 |            122 |
|  clk_BUFG                                    | n1p                                                                |                                                              |              152 |           1024 |
+----------------------------------------------+--------------------------------------------------------------------+--------------------------------------------------------------+------------------+----------------+


